// Jest Snapshot v1, https://goo.gl/fbAQLP

exports[`Button Component renders a primary button correctly 1`] = `
<div>
  button
</div>
`;
